
> mmsubmovie.org@0.1.0 build
> next build

Γû▓ Next.js 16.1.6 (Turbopack)
- Environments: .env.local

npm : ΓÜá The "middleware" file convention is deprecated. 
Please use "proxy" instead. Learn more: 
https://nextjs.org/docs/messages/middleware-to-proxy
At line:1 char:1
+ npm run build > build_output.log 2>&1 ; cat 
build_output.log
+ ~~~~~~~~~~~~~~~~~~~~~~~~~~~~~~~~~~~~~
    + CategoryInfo          : NotSpecified: (ΓÜá The 
"middle...l    eware-to-proxy:String) [], RemoteException
    + FullyQualifiedErrorId : NativeCommandError
 
  Creating an optimized production build ...
Found 1 warning while optimizing generated CSS:

[2mΓöé   }[22m
[2mΓöé }[22m
[2mΓöé[22m @import url('https://fonts.googleapis.com/css2?f
amily=Inter:wght@300;400;500;600;700;800;900&display=swap');
[2mΓöå[22m        [33m[2m^--[22m @import rules must 
precede all rules aside from @charset and @layer 
statements[39m
[2mΓöå[22m
[2mΓöé @layer theme, base, components, utilities;[22m
[2mΓöé @layer theme;[22m

Γ£ô Compiled successfully in 9.4s
  Running TypeScript ...
  Collecting page data using 7 workers ...
  Generating static pages using 7 workers (0/12) ...
  Generating static pages using 7 workers (3/12) 
  Generating static pages using 7 workers (6/12) 
  Generating static pages using 7 workers (9/12) 
Γ£ô Generating static pages using 7 workers (12/12) in 2.2s
  Finalizing page optimization ...

Route (app)
Γöî Γùï /
Γö£ Γùï /_not-found
Γö£ Γùï /admin
Γö£ Γùï /admin/login
Γö£ Γùï /admin/movies
Γö£ ╞Æ /admin/movies/[id]/edit
Γö£ Γùï /admin/movies/new
Γö£ Γùï /admin/series
Γö£ ╞Æ /admin/series/[id]/edit
Γö£ Γùï /admin/series/new
Γö£ ╞Æ /api/movies
Γö£ ╞Æ /api/movies/[id]
Γö£ ╞Æ /api/upload
Γö£ ╞Æ /movies/[id]
Γöö ╞Æ /series/[id]


╞Æ Proxy (Middleware)

Γùï  (Static)   prerendered as static content
╞Æ  (Dynamic)  server-rendered on demand

